%!Adobe-FontList 1.14
%Locale:0x415

%BeginFont
Handler:DirectoryHandler
FontType:Type1
FontName:MyriadPro-Bold
FamilyName:Myriad Pro
StyleName:Bold
FullName:Myriad Pro Bold
MenuName:Myriad Pro
StyleBits:2
WritingScript:Roman
OutlineFileName:C:\works\midguard\adventure Folder\Document fonts\MyriadPro-Bold.otf
DataFormat:sfntData
UsesStandardEncoding:yes
isCFF:yes
FileLength:103472
FileModTime:1329299628
WeightClass:700
WidthClass:5
AngleClass:0
DesignSize:110
%EndFont

%BeginFont
Handler:DirectoryHandler
FontType:Type1
FontName:MyriadPro-BoldCond
FamilyName:Myriad Pro
StyleName:Bold Condensed
FullName:Myriad Pro Bold Condensed
MenuName:Myriad Pro Cond
StyleBits:2
WritingScript:Roman
OutlineFileName:C:\works\midguard\adventure Folder\Document fonts\MyriadPro-BoldCond.otf
DataFormat:sfntData
UsesStandardEncoding:yes
isCFF:yes
FileLength:101012
FileModTime:1329299628
WeightClass:700
WidthClass:3
AngleClass:0
DesignSize:110
%EndFont

%BeginFont
Handler:DirectoryHandler
FontType:Type1
FontName:MyriadPro-BoldCondIt
FamilyName:Myriad Pro
StyleName:Bold Condensed Italic
FullName:Myriad Pro Bold Condensed Italic
MenuName:Myriad Pro Cond
StyleBits:3
WritingScript:Roman
OutlineFileName:C:\works\midguard\adventure Folder\Document fonts\MyriadPro-BoldCondIt.otf
DataFormat:sfntData
UsesStandardEncoding:yes
isCFF:yes
FileLength:104052
FileModTime:1329299628
WeightClass:700
WidthClass:3
AngleClass:1
DesignSize:110
%EndFont

%BeginFont
Handler:DirectoryHandler
FontType:Type1
FontName:MyriadPro-Cond
FamilyName:Myriad Pro
StyleName:Condensed
FullName:Myriad Pro Condensed
MenuName:Myriad Pro Cond
StyleBits:0
WritingScript:Roman
OutlineFileName:C:\works\midguard\adventure Folder\Document fonts\MyriadPro-Cond.otf
DataFormat:sfntData
UsesStandardEncoding:yes
isCFF:yes
FileLength:98776
FileModTime:1329299628
WeightClass:400
WidthClass:3
AngleClass:0
DesignSize:110
%EndFont

%BeginFont
Handler:DirectoryHandler
FontType:Type1
FontName:MyriadPro-It
FamilyName:Myriad Pro
StyleName:Italic
FullName:Myriad Pro Italic
MenuName:Myriad Pro
StyleBits:1
WritingScript:Roman
OutlineFileName:C:\works\midguard\adventure Folder\Document fonts\MyriadPro-It.otf
DataFormat:sfntData
UsesStandardEncoding:yes
isCFF:yes
FileLength:105656
FileModTime:1329299628
WeightClass:400
WidthClass:5
AngleClass:1
DesignSize:110
%EndFont

%BeginFont
Handler:DirectoryHandler
FontType:Type1
FontName:MyriadPro-Regular
FamilyName:Myriad Pro
StyleName:Regular
FullName:Myriad Pro
MenuName:Myriad Pro
StyleBits:0
WritingScript:Roman
OutlineFileName:C:\works\midguard\adventure Folder\Document fonts\MyriadPro-Regular.otf
DataFormat:sfntData
UsesStandardEncoding:yes
isCFF:yes
FileLength:101732
FileModTime:1329299628
WeightClass:400
WidthClass:5
AngleClass:0
DesignSize:110
%EndFont

%BeginFont
Handler:DirectoryHandler
FontType:Type1
FontName:MyriadPro-Semibold
FamilyName:Myriad Pro
StyleName:Semibold
FullName:Myriad Pro Semibold
MenuName:Myriad Pro Light
StyleBits:2
WritingScript:Roman
OutlineFileName:C:\works\midguard\adventure Folder\Document fonts\MyriadPro-Semibold.otf
DataFormat:sfntData
UsesStandardEncoding:yes
isCFF:yes
FileLength:103564
FileModTime:1329299628
WeightClass:600
WidthClass:5
AngleClass:0
DesignSize:110
%EndFont

